// Jest Snapshot v1, https://goo.gl/fbAQLP

exports[`SegmentForPalette renders width correctly depending on the dimension 1`] = `
<DocumentFragment>
  <li
    class="segment segment-in-palette"
    data-testid="segment-for-palette"
    style="width: 424px;"
  >
    <div
      style="height: 80px;"
    >
      <canvas
        class="segment-image"
        height="445"
        style="width: 424px; height: 445px; left: 400px;"
        width="424"
      />
    </div>
  </li>
</DocumentFragment>
`;
