// Jest Snapshot v1, https://goo.gl/fbAQLP

exports[`Segment renders correctly 1`] = `
<DocumentFragment>
  <div
    class="segment hover show-drag-handles"
    data-testid="segment"
    style="width: 2400px; z-index: 1; transform: translateX(undefinedpx);"
  >
    <div
      class="segment-label-container"
    >
      <span
        class="segment-label"
      >
        Segment
      </span>
      <span
        class="segment-width"
      >
        <span>
          60 m
        </span>
      </span>
      <span
        class="segment-grid units-metric"
      />
    </div>
    <span
      class="drag-handle drag-handle-left"
    >
      <svg
        class="svg-inline--fa fa-chevron-left"
      />
    </span>
    <span
      class="drag-handle drag-handle-right"
    >
      <svg
        class="svg-inline--fa fa-chevron-right"
      />
    </span>
    <div
      class="segment-canvas-container"
    >
      <canvas
        class="segment-image"
        height="445"
        style="width: 2400px; height: 445px; left: 0px;"
        width="2400"
      />
    </div>
    <div
      class="hover-bk"
    />
  </div>
</DocumentFragment>
`;
